mt798x的fip分区实际上包含bl31+uboot，为了方便理解，这里将fip直接称为uboot。  

本教程只使用我基于hanwckf大佬bl-mt798x仓库修改编译的带webui的uboot，固件使用immortalwrt-mt798x仓库的闭源单分区固件。大雕lean的QWRT也是闭源单分区固件，也可以使用。  
ImmortalWrt主线和Openwrt主线的CMCC RAX3000M是all in fit，NAND和EMMC版本合并在一个固件内，bl2、uboot和gpt分区表也不同，uboot没有webui，刷机使用tftp，不在本教程范围内。  

ImmortalWrt天灵大佬基于hanwckf大佬bl-mt798x的uboot-202206源码修改，独家添加DHCP支持，也制作了单分区的uboot和gpt分区表，需要的可以下载：  
https://firmware.download.immortalwrt.eu.org/uboot/mediatek/  
但是我试了RAX3000M eMMC的uboot，不能获取到IP，大家自行尝试吧。  
大佬的单分区gpt分区表如下：  
```
Number  Start (sector)    End (sector)   Size Name
     1            8192            9215   512K u-boot-env
     2            9216           13311  2048K factory
     3           13312           21503  4096K fip
     4           90112          131071  20.0M config
     5          131072          262143  64.0M kernel
     6          262144         1490943 600.0M rootfs
```
为了和主线对齐，增加了一个config分区，fip增加到了4M，rootfs后面的空间没有使用，需要自行分区然后格式化。  

关于mt798x改内存：目前开源ATF 7981 DDR3最高512M，DDR4最高1G；7986 DDR3最高512M，DDR4 2G。  

- ### 版本识别
CMCC RAX3000M配置是MT7981B+DDR4 512M+MT7976CN+MT7531，有两个版本，区别只在闪存，普通版：128M SPI-NAND闪存，算力版：64G eMMC闪存。  
NAND普通版：盒子背部和机子背部标签是“CH”字样，生产日期20230515、20230606、20231027、20231124基本就是，或者透过散热孔看PCB右上角印丝结尾是P3。  
eMMC算力版：盒子背部和机子背部标签是“CH EC”字样，生产日期20230626、20230703基本都是，或者透过散热孔看PCB右上角印丝结尾是P1。  
如果不确定版本，建议解锁SSH后用命令查看分区，看哪个命令输出分区就是哪个版本：  
```
# NAND
cat /proc/mtd

# EMMC
fdisk -l /dev/mmcblk0
```
- ### 准备刷机文件和工具软件

SSH工具软件：Xshell https://pan.lanzoui.com/b0f19ry9g  或者putty https://www.423down.com/11333.html  
文件传输工具软件：WinSCP https://www.ghxi.com/winscp.html  
下载仓库中的刷机文件压缩包，里面包含了需要的刷机文件。  

- ### 0.开SSH
导出配置文件，因为文件没有加密，所以直接修改里面的dropbear和rc.local增加打开SSH的命令，修改shadow文件清除root密码即可。  
可以直接用刷机包里面的配置文件RAX3000M_cfg-ssh.conf，导入恢复配置，等待机子重启应用，即可开启SSH。  
Xshell或者putty之类的软件登录SSH，地址192.168.10.1，端口22，用户名root，密码无。  

解锁SSH的配置文件有两个，其中RAX3000M_cfg-ssh.conf是不加密的，RAX3000M_cfg-ssh-salted-20231027.conf是加密的，主要用于生产日期20231027及之后的NAND普通版。  
配置文件NAND普通版和eMMC算力版通用，区别只有文件是否加密。目前算力版使用的是不加密的RAX3000M_cfg-ssh.conf，新版20231124如果不行就使用加密的配置文件RAX3000M_cfg-ssh-salted-20231027.conf。  
查看配置文件是否加密，使用[WinHex](https://www.ghxi.com/winhex.html)之类的二进制软件，查看文件开头有Salted__字符串，就是openssl的加盐加密。  
或者直接当压缩文件用7z打开，能打开的是不加密的，打不开的一般是加密的，需要到固件代码中找加密命令和密码。  

这里简单看下原厂分区的信息，不想了解的可以略过。  
SSH登录输入fdisk -l /dev/mmcblk0可以看到120832000 sectors，这个是一个64G的eMMC。原厂有两个系统分区kernel、rootfs和kernel2、rootfs2，即双分区，共用一个256MB的rootfs_data。rootfs、rootfs2都只有64MB，因此刷固件的大小不能大于64MB。输入df -h可以看到overlay直接挂载到了/dev/mmcblk0p8即rootfs_data分区，而不是挂载overlay到/dev/loop0。
df -h可以看到/dev/mmcblk0p10、11都挂载到了/mnt/mmcblk0p11，原厂就是这样，不影响所以不用管。  
```
root@RAX3000M:~# fdisk -l /dev/mmcblk0
Found valid GPT with protective MBR; using GPT

Disk /dev/mmcblk0: 120832000 sectors, 1656M
Logical sector size: 512
Disk identifier (GUID): 2bd17853-102b-4500-aa1a-8a21d4d7984d
Partition table holds up to 128 entries
First usable sector is 34, last usable sector is 120800000

Number  Start (sector)    End (sector)  Size Name
     1            8192            9215  512K u-boot-env
     2            9216           13311 2048K factory
     3           13312           17407 2048K fip
     4           17408           82943 32.0M kernel
     5           82944          214015 64.0M rootfs
     6          214016          279551 32.0M kernel2
     7          279552          410623 64.0M rootfs2
     8          410624          934911  256M rootfs_data
     9          934912         1065983 64.0M plugins
    10         1065984         1098751 16.0M fwk
    11         1098752         1131519 16.0M fwk2
    12         1131520       120800000 57.0G data
root@RAX3000M:~# df -h
Filesystem                Size      Used Available Use% Mounted on
/dev/root                14.0M     14.0M         0 100% /rom
tmpfs                   240.6M     17.5M    223.2M   7% /tmp
/dev/mmcblk0p8          254.0M     85.5M    168.5M  34% /overlay
overlayfs:/overlay      254.0M     85.5M    168.5M  34% /
tmpfs                   512.0K         0    512.0K   0% /dev
/dev/mmcblk0p10           7.6M      7.6M         0 100% /mnt/mmcblk0p11
/dev/mmcblk0p11           7.6M      7.6M         0 100% /mnt/mmcblk0p11
/dev/mmcblk0p12          55.9G     52.0M     53.0G   0% /mnt/mmcblk0p12
/dev/mmcblk0p9           58.0M      1.3M     52.2M   2% /mnt/mmcblk0p9
/dev/mmcblk0p12          55.9G     52.0M     53.0G   0% /extend
/dev/mmcblk0p9           58.0M      1.3M     52.2M   2% /plugin
/dev/loop0                7.6M      7.6M         0 100% /plugin/cmcc/framework
root@RAX3000M:~# blkid
/dev/loop0: TYPE="squashfs"
/dev/mmcblk0p1: PARTLABEL="u-boot-env" PARTUUID="19a4763a-6b19-4a4b-a0c4-8cc34f4c2ab9"
/dev/mmcblk0p2: PARTLABEL="factory" PARTUUID="8142c1b2-1697-41d9-b1bf-a88d76c7213f"
/dev/mmcblk0p3: PARTLABEL="fip" PARTUUID="18de6587-4f17-4e08-a6c9-d9d3d424f4c5"
/dev/mmcblk0p4: PARTLABEL="kernel" PARTUUID="971f7556-ef1a-44cd-8b28-0cf8100b9c7e"
/dev/mmcblk0p5: TYPE="squashfs" PARTLABEL="rootfs" PARTUUID="309a3e76-270b-41b2-b5d5-ed8154e7542b"
/dev/mmcblk0p6: PARTLABEL="kernel2" PARTUUID="9c17fbc2-79aa-4600-80ce-989ef9c95909"
/dev/mmcblk0p7: TYPE="squashfs" PARTLABEL="rootfs2" PARTUUID="f19609c8-f7d3-4ac6-b93e-7fd9fad4b4af"
/dev/mmcblk0p8: LABEL="rootfs_data" UUID="4959b647-3da7-464b-9b69-6c46b2e762dc" BLOCK_SIZE="4096" TYPE="f2fs" PARTLABEL="rootfs_data" PARTUUID="a4a43b93-f17d-43e2-b7a7-df0bdf610c77"
/dev/mmcblk0p9: LABEL="plugins" UUID="7ae9801f-4dcf-4c79-9c7f-eaefc65f767a" BLOCK_SIZE="1024" TYPE="ext4" PARTLABEL="plugins" PARTUUID="518c1031-c234-4d49-8301-02e7ebe31231"
/dev/mmcblk0p10: TYPE="squashfs" PARTLABEL="fwk" PARTUUID="6e2bd585-7b0b-45b5-a8a1-4cf5436b1f73"
/dev/mmcblk0p11: TYPE="squashfs" PARTLABEL="fwk2" PARTUUID="fd8708ae-59c7-4ed5-a467-54bfe357cb48"
/dev/mmcblk0p12: LABEL="extend" UUID="a2b01ad1-8504-4c5f-a93a-58a6046e46bc" BLOCK_SIZE="4096" TYPE="ext4" PARTLABEL="data" PARTUUID="3c058515-54c3-452f-9b87-7a4f957b5cd1"
```

- ### 1.备份原厂分区
只需要备份到mmcblk0p11即可，最后一个mmcblk0p12 data分区太大不备份了。  
因为rootfs_data分区比较大，所以先备份到/mnt/mmcblk0p12目录，再用WinSCP下载下来。  
当然也可以压缩这个分区备份到tmp文件夹下，再用WinSCP下载下来。  
WinScp软件登录路由，协议SCP，IP 192.168.10.1，端口22。  
WInScp下载大文件会提示主机超过15秒无通信，需要登录时点击高级，高级站点设置-连接 去掉勾选“优化连接缓冲大小”，再登录。  

提示：bl2在/dev/mmcblk0boot0，uboot在fip分区，对应/dev/mmcblk0p3。  
unpartitioned.bin是全0的空白文件，是为了后面可以使用备份的分区按顺序直接合并得到一个eMMC img镜像。  
除更换eMMC，这个img基本用不到，不过还是全部分区备份为好。  
注意：放在一起的命令可以全部复制粘贴、一次执行，下同，不再赘述。  

直接复制下面全部命令，粘贴执行即可，等待执行完成：  
```
dd if=/dev/mmcblk0boot0 of=/mnt/mmcblk0p12/boot0_bl2.bin
dd if=/dev/mmcblk0 bs=512 count=34 of=/mnt/mmcblk0p12/mmcblk0_GPT.bin
dd if=/dev/mmcblk0 bs=512 skip=34 count=8158 of=/mnt/mmcblk0p12/mmcblk0_unpartitioned.bin
dd if=/dev/mmcblk0p1 of=/mnt/mmcblk0p12/mmcblk0p1_u-boot-env.bin
dd if=/dev/mmcblk0p2 of=/mnt/mmcblk0p12/mmcblk0p2_factory.bin
dd if=/dev/mmcblk0p3 of=/mnt/mmcblk0p12/mmcblk0p3_fip.bin
dd if=/dev/mmcblk0p4 of=/mnt/mmcblk0p12/mmcblk0p4_kernel.bin
dd if=/dev/mmcblk0p5 of=/mnt/mmcblk0p12/mmcblk0p5_rootfs.bin
dd if=/dev/mmcblk0p6 of=/mnt/mmcblk0p12/mmcblk0p6_kernel2.bin
dd if=/dev/mmcblk0p7 of=/mnt/mmcblk0p12/mmcblk0p7_rootfs2.bin
dd if=/dev/mmcblk0p8 of=/mnt/mmcblk0p12/mmcblk0p8_rootfs_data.bin
dd if=/dev/mmcblk0p9 of=/mnt/mmcblk0p12/mmcblk0p9_plugins.bin
dd if=/dev/mmcblk0p10 of=/mnt/mmcblk0p12/mmcblk0p10_fwk.bin
dd if=/dev/mmcblk0p11 of=/mnt/mmcblk0p12/mmcblk0p11_fwk2.bin
```
执行完后使用WinSCP之类的软件登录路由器，到/mnt/mmcblk0p13下载下来保存到电脑。  

- ### 2.刷单分区uboot：
因为没有像京东云百里那样锁bl2，所以这里只刷uboot就行了。  
上传单分区uboot文件mt7981_cmcc_rax3000m-emmc-fip.bin到tmp文件夹，SSH输入命令验证md5：  
```
md5sum /tmp/mt7981_cmcc_rax3000m-emmc-fip.bin
```
我这个20231215版的uboot，是编译输出的fip文件刷入fip分区后的分区备份，所以有2MB大小，md5sum输出是这样：  
```
root@RAX3000M:~# md5sum /tmp/mt7981_cmcc_rax3000m-emmc-fip.bin
d94fc230d83a533e06b17dca58bea35b  /tmp/mt7981_cmcc_rax3000m-emmc-fip.bin
```
核对md5正常后，输入命令刷写uboot所在的fip分区，sync也是命令，一起执行：  
```
dd if=/tmp/mt7981_cmcc_rax3000m-emmc-fip.bin of=$(blkid -t PARTLABEL=fip -o device)
sync
```
验证fip分区的md5和刷入文件一样即可，输入命令：  
```
md5sum $(blkid -t PARTLABEL=fip -o device)
```
```
root@RAX3000M:~# md5sum $(blkid -t PARTLABEL=fip -o device)
d94fc230d83a533e06b17dca58bea35b  /dev/mmcblk0p3
```
到这里单分区uboot已经刷好了，不要重启，接着刷单分区gpt分区表。  

注：如果是从带有一个config分区的ImmortalWrt单分区分区表刷这个单分区，这里验证fip分区的md5是不一样的。  
因为ImmortalWrt的单分区的把原厂2M的fip扩大到了4M，我这个分区表还是保持fip为2M。  
下面再刷我的这个gpt分区表之后，fip分区会变为2M，mmcblk0p3分区的md5就会和我的一样了。  

- ### 3.刷单分区gpt分区表
原厂的分区表是双分区的，刷单份区扩容分区表后，rootfs后面的mmcblk0p6-p11会合并到rootfs。  
输入命令fdisk -l /dev/mmcblk0，查看你的机子eMMC是否是64GB，总扇区数是否对得上。  
查看Disk /dev/mmcblk0这行是否有120832000 sectors个扇区即可。  
我提供了3个分区表，rootfs空间分别为512M、1G和2G，这个rootfs就是固件+overlay的大小。  
上传自己需要的rootfs大小的gpt分区表到tmp文件夹，这里以rootfs 512M的分区表为例，不同分区表自行修改命令中的文件。  
SSH输入命令先验证文件的md5：  
```
md5sum /tmp/mt7981_cmcc_rax3000m-emmc-rootfs512M-gpt.bin
```
对应检查文件对应md5：  
```
root@RAX3000M:~# md5sum /tmp/mt7981_cmcc_rax3000m-emmc-rootfs512M-gpt.bin
90eb06e7b09d263441b0c744165ccbd8  /tmp/mt7981_cmcc_rax3000m-emmc-rootfs512M-gpt.bin
fb6886cf13a0366fed156d1cf636b006  /tmp/mt7981_cmcc_rax3000m-emmc-rootfs1G-gpt.bin
1b291d71870751e2ecdbb014f89a5b1a  /tmp/mt7981_cmcc_rax3000m-emmc-rootfs2G-gpt.bin
```
和我一样则输入命令刷写（如果是其他rootfs大小的gpt文件记得修改文件名），sync也是命令，一起执行：  
```
dd if=/tmp/mt7981_cmcc_rax3000m-emmc-rootfs512M-gpt.bin of=/dev/mmcblk0 bs=512 count=34
sync
```
检查刷好后的分区表md5sum和上传的文件一样即可，不一样就重新刷，不要重启！！  
```
dd if=/dev/mmcblk0 bs=512 count=34 | md5sum
```
3个分区表的md5：  
```
root@RAX3000M:~# dd if=/dev/mmcblk0 bs=512 count=34 | md5sum
90eb06e7b09d263441b0c744165ccbd8  # mt7981_cmcc_rax3000m-emmc-rootfs512M-gpt.bin
fb6886cf13a0366fed156d1cf636b006  # mt7981_cmcc_rax3000m-emmc-rootfs1G-gpt.bin
1b291d71870751e2ecdbb014f89a5b1a  # mt7981_cmcc_rax3000m-emmc-rootfs2G-gpt.bin
```
然后输入下面命令查看分区数是否变为了6个，rootfs分区是否变为设置的大小，这里以512M为例：  
```
fdisk -l /dev/mmcblk0
```
```
root@RAX3000M:~# fdisk -l /dev/mmcblk0
Found valid GPT with protective MBR; using GPT

Disk /dev/mmcblk0: 120832000 sectors, 1656M
Logical sector size: 512
Disk identifier (GUID): 2bd17853-102b-4500-aa1a-8a21d4d7984d
Partition table holds up to 128 entries
First usable sector is 34, last usable sector is 120800000

Number  Start (sector)    End (sector)  Size Name
     1            8192            9215  512K u-boot-env
     2            9216           13311 2048K factory
     3           13312           17407 2048K fip
     4           17408           82943 32.0M kernel
     5           82944         1131519  512M rootfs <<<<<<<<<<<<<<<<<<<<
     6         1131520       120800000 57.0G data
```
检查没有问题，可以断电，按reset上电进uboot刷固件了。  

- ### 4.uboot刷固件
我改的这个uboot不支持DHCP，电脑需要设置ip 192.168.1.2/24，连接网线到路由器lan口，路由上电按reset，等待灯变为蓝色，说明uboot webui已启动，可以松开按钮，浏览器打开192.168.1.1，上传固件刷写成功后绿灯会亮3秒，然后重启。注意：其他大佬的uboot可能指示灯不一样。  
我改的这个uboot是2023.12.15编译的U-Boot 2022.07-rc3 (Dec 15 2023 - 11:48:18 +0800)  
进入uboot webui页面后，最下方会显示这个编译日期，可以作为判断是否刷的是我改的uboot的标识。 
uboot不仅可以刷固件，还可以更新bl2、uboot和gpt，打开相应网页即可，非不要不需要更新：  
http://192.168.1.1/bl2.html  
http://192.168.1.1/uboot.html  
http://192.168.1.1/gpt.html  

刷好第三方op系统启动后，再输入命令查看分区：  
```
fdisk -l /dev/mmcblk0
```
会看到这行红字：The backup GPT table is not on the end of the device.  
提示备份分区表没有写入到eMMC最后的33个扇区。  

建议保存备份分区表，输入命令：  
```
fdisk /dev/mmcblk0
```
再输入w保存并写入：  
```
w
```
原厂系统中fdisk保存备份分区表会报错，建议在刷好op后操作。  
写入分区表到eMMC的备份分区表区域，这样磁盘管理那里显示才正确。  
注意，这里保存了备份分区表同时也会修改头部的主分区表，所以头部主分区表的md5sum会改变，不用管。  
不建议用diskman磁盘管理修改分区，可能会导致系统不能启动。建议用fdisk、cfdisk之类的进行修改分区。  
如果不慎修改后系统不能启动，可以进入uboot，刷输入 http://192.168.1.1/gpt.html 重新刷gpt分区表即可。  

因为512M分区表没有改动最后一个那个最大的data分区，所以后面也不用重新格式化它。  
其他大小的分区表则需要在刷好第三方op系统后，格式化下最后一个data分区。  
如果不是原厂分区表刷这个单分区gpt，data分区也需要重新格式化下。  
```
mkfs.ext4 $(blkid -t PARTLABEL=data -o device)
```
需要把data分区挂载给docker，则在系统->挂载点菜单，添加挂载点，UUID选择mmcblk0p6，输入自定义挂载位置/opt，回车，然后保存，再在外层点保存并应用，最后重启系统即可。  
最后检查系统->挂载点菜单，已挂载的文件系统中，是否有/dev/loop0设备挂载为/overlay，如果没有重新在备份与升级菜单升级下固件，直至有。  

- ### 5.刷回原厂方法
回原厂要用支持环境变量修改和fdisk的固件，目前hanwckf大佬仓库的新固件都支持了。  
输入下面命令不报错即可：  
```
fw_setenv dual_boot.current_slot 0
```
回原厂需要先刷回备份分区表，恢复原厂的mmcblk0p9-11这三个分区，p12如果没有格式化需要格式化下。  
刷回原厂备份的分区表gpt：  
```
dd if=/tmp/mmcblk0_GPT.bin of=/dev/mmcblk0 bs=512 count=34
sync
```
接着保存修改下备份分区表：  
```
fdisk /dev/mmcblk0
```
再输入w保存并写入：  
```
w
```
刷好原厂分区表后，断电进uboot刷下op固件。  

还原plugins、fwk和fwk2分区：  
上传mmcblk0p9_plugins.bin、mmcblk0p10_fwk.bin和mmcblk0p11_fwk2.bin到tmp文件夹，然后刷回去：  
```
dd if=/tmp/mmcblk0p9_plugins.bin of=$(blkid -t PARTLABEL=plugins -o device)
dd if=/tmp/mmcblk0p10_fwk.bin of=$(blkid -t PARTLABEL=fwk -o device)
dd if=/tmp/mmcblk0p11_fwk2.bin of=$(blkid -t PARTLABEL=fwk2 -o device)
```
建议格式化下data分区：  
```
umount $(blkid -t PARTLABEL=data -o device)
mkfs.ext4 -L extend $(blkid -t PARTLABEL=data -o device)
```
格式化后web页面挂载点那里，手动挂载/dev/mmcblk0p12到/mnt/mmcblk0p12，记住勾选启用，保存并应用。  
然后SSH输入命令在这个路径下新建一个ecmanager文件夹，这样就还原了所有分区了，SSH输入命令：  
```
mkdir /mnt/mmcblk0p12/ecmanager
```

刷回原厂uboot和固件：  
接着上传原厂mmcblk0p3_fip.bin、mmcblk0p4_kernel.bin、mmcblk0p5_rootfs.bin到tmp，刷写uboot设置从系统0启动，刷写kernel、rootfs并清空rootfs_data，为了保险kernel2、rootfs2也一并写入原厂固件：  
```
dd if=/tmp/mmcblk0p3_fip.bin of=$(blkid -t PARTLABEL=fip -o device)
sync
fw_setenv dual_boot.current_slot 0
dd if=/tmp/mmcblk0p4_kernel.bin of=$(blkid -t PARTLABEL=kernel -o device)
dd if=/tmp/mmcblk0p5_rootfs.bin of=$(blkid -t PARTLABEL=rootfs -o device)
dd if=/tmp/mmcblk0p4_kernel.bin of=$(blkid -t PARTLABEL=kernel2 -o device)
dd if=/tmp/mmcblk0p5_rootfs.bin of=$(blkid -t PARTLABEL=rootfs2 -o device)
dd if=/dev/zero of=$(blkid -t PARTLABEL=rootfs_data -o device)
```
注意：dd: error writing '/dev/mmcblk0p8': No space left on device  
这个报错是正常的，不用管！！  

等待mmcblk0p8 rootfs_data分区刷完，刷完断电重启即可。  

- ### 关于52MHz频率固件
mt7981的eMMC接口最高可以跑52MHz，因为RAX3000M算力版的eMMC体质比较菜，跑52MHz固件会爆I/O error导致系统崩溃，所以原厂固件设置eMMC频率是26MHz，大佬们的固件默认也是26MHz，比较稳定。  
如果想尝试eMMC 52MHz固件，大概率会I/O error，无解只能换eMMC，但是费用高不值得，还是建议26MHz固件即可。  
52MHz eMMC读写速度约45MB/s，26MHz约为20MB/s，使用上是感觉不出差别的。  

SSH输入命令查看是否有I/O error报错：  
```
dmesg | grep 'I/O error'
```
查看固件eMMC频率用命令：  
```
cat /sys/kernel/debug/mmc0/ios
```
