这是一个markdown文件，建议使用markdown软件打开，或直接访问github，打开最新链接：  
https://github.com/lgs2007m/Actions-OpenWrt/blob/main/刷机教程

mt798x的fip分区实际上包含bl31+uboot，为了方便理解，这里将fip直接称为uboot。  

本教程使用的是我基于hanwckf大佬bl-mt798x仓库修改编译的bl2、uboot和gpt，固件推荐使用immortalwrt-mt798x仓库编译的闭源单分区固件。大雕lean的QWRT也是闭源单分区固件，也可以使用。  

ImmortalWrt天灵大佬基于hanwckf大佬bl-mt798x的uboot-202206源码修改，独家添加DHCP支持，也制作了bl2、单分区uboot和gpt分区表，需要的可以下载：  
https://firmware.download.immortalwrt.eu.org/uboot/mediatek/  
大佬的单分区gpt分区表如下：  
```
Number  Start (sector)    End (sector)   Size Name
     1            8192            9215   512K u-boot-env
     2            9216           13311  2048K factory
     3           13312           21503  4096K fip
     4           90112          131071  20.0M config
     5          131072          262143  64.0M kernel
     6          262144         1490943 600.0M rootfs
```
为了和主线对齐，增加了一个config分区，fip增加到了4M，rootfs后面的空间没有使用，需要自行分区然后格式化。  

- ### 准备刷机文件和工具软件

SSH工具软件：Xshell https://pan.lanzoui.com/b0f19ry9g  或者putty https://www.423down.com/11333.html  
文件传输工具软件：WinSCP https://www.ghxi.com/winscp.html  
下载仓库中的刷机文件压缩包，里面包含了需要的刷机文件。  

- ### 0.开SSH
百里没有软破解SSH，是通过在原厂固件升级官方的原生OP获取SSH权限再刷第三方OP的。  
在原厂系统下，升级原生OP：  
openwrt-re-cp-03-4.1.0.r4005-1287bf0122329d5c3acbb7198e04b1e4.bin  
注意：升级原生OP官方宣传会失去保修。  

重启后，SSH登录192.168.68.1，端口22，用户名root，没有密码。  
输入命令删除这两个环境变量：  
```
fw_setenv jdc_crc_version
fw_setenv jdc_opp_version
```
这里简单看下原厂分区的信息，不想了解的可以略过。  
可以看到原厂有两个系统分区kernel、rootfs和kernel2、rootfs2，即双分区，共用一个50MB的rootfs_data。rootfs、rootfs2都只有50MB，因此原厂双分区分区表刷固件的大小不能大于50MB。  
因为原厂使用旧的json来制作gpt分区表，所以gpt分区会在blkid第一个分区显示出来，即PMBR分区，同时下面的分区对应设备号，相比RAX3000M eMMC、GL-MT6000的分区设备号会加1。比如RAX3000M eMMC的fip分区的设备号是mmcblk0p3，百里的fip分区设备号则是mmcblk0p4。  
单分区gpt分区表和RAX3000M eMMC、GL-MT6000都是使用新的json来制作gpt分区表，gpt分区不会显示出来。这个是否显示gpt分区和设备号加1，不影响使用，系统是读取PARTLABEL做读写的。  

```
root@OpenWrt:~# blkid
/dev/mmcblk0p1: PTTYPE="PMBR"
/dev/mmcblk0p2: PARTLABEL="u-boot-env" PARTUUID="19a4763a-6b19-4a4b-a0c4-8cc34f4c2ab9"
/dev/mmcblk0p3: PARTLABEL="factory" PARTUUID="8142c1b2-1697-41d9-b1bf-a88d76c7213f"
/dev/mmcblk0p4: PARTLABEL="fip" PARTUUID="18de6587-4f17-4e08-a6c9-d9d3d424f4c5"
/dev/mmcblk0p5: PARTLABEL="kernel" PARTUUID="971f7556-ef1a-44cd-8b28-0cf8100b9c7e"
/dev/mmcblk0p6: TYPE="squashfs" PARTLABEL="rootfs" PARTUUID="309a3e76-270b-41b2-b5d5-ed8154e7542b"
/dev/mmcblk0p7: PARTLABEL="kernel2" PARTUUID="9c8e460f-7160-4c25-a420-e7deeb10d5d3"
/dev/mmcblk0p8: TYPE="squashfs" PARTLABEL="rootfs2" PARTUUID="508b8f82-164c-4898-8edc-adaa59438cd4"
/dev/mmcblk0p9: LABEL="rootfs_data" UUID="ea5ae1d2-cdc2-40c9-bada-0a9c0d8f63a6" BLOCK_SIZE="1024" TYPE="ext4" PARTLABEL="rootfs_data" PARTUUID="dd18c072-adb3-412b-bf97-37617b01adf3"
/dev/mmcblk0p10: UUID="4f3e32d7-cf18-40a9-a42d-0afa648c1513" BLOCK_SIZE="1024" TYPE="ext4" PARTLABEL="log" PARTUUID="2d18c070-adb6-412b-bf90-37617b01adf5"
/dev/mmcblk0p11: UUID="fac0a627-0346-4883-bea5-f0aefccb31aa" BLOCK_SIZE="4096" TYPE="ext4" PARTLABEL="plugin" PARTUUID="3d18c075-adb0-412b-bf92-37617b01adf6"
/dev/mmcblk0p12: TYPE="swap" PARTLABEL="swap" PARTUUID="4d18c079-adb2-412b-bf93-37617b01adf7"
/dev/mmcblk0p13: UUID="a10bd4dd-7f44-4760-a1e9-51a71442922a" BLOCK_SIZE="4096" TYPE="ext4" PARTLABEL="storage" PARTUUID="5d18c072-adb3-412b-bf95-37617b01adf8"
root@OpenWrt:~# fdisk -l /dev/mmcblk0
The backup GPT table is not on the end of the device.
Disk /dev/mmcblk0: 115.23 GiB, 123731968000 bytes, 241664000 sectors
Units: sectors of 1 * 512 = 512 bytes
Sector size (logical/physical): 512 bytes / 512 bytes
I/O size (minimum/optimal): 512 bytes / 512 bytes
Disklabel type: gpt
Disk identifier: 2BD17853-102B-4500-AA1A-8A21D4D7984D

Device            Start       End   Sectors   Size Type
/dev/mmcblk0p1        0        33        34    17K Linux filesystem
/dev/mmcblk0p2     8192      9215      1024   512K Linux filesystem
/dev/mmcblk0p3     9216     13311      4096     2M Linux filesystem
/dev/mmcblk0p4    13312     17407      4096     2M Linux filesystem
/dev/mmcblk0p5    17408     50175     32768    16M Linux filesystem
/dev/mmcblk0p6    50176    152575    102400    50M Linux filesystem
/dev/mmcblk0p7   152576    185343     32768    16M Linux filesystem
/dev/mmcblk0p8   185344    287743    102400    50M Linux filesystem
/dev/mmcblk0p9   287744    390143    102400    50M Linux filesystem
/dev/mmcblk0p10  390144    524287    134144  65.5M Linux filesystem
/dev/mmcblk0p11  524288   2621439   2097152     1G Linux filesystem
/dev/mmcblk0p12 2621440   4718591   2097152     1G Linux filesystem
/dev/mmcblk0p13 4718592 240615424 235896833 112.5G Linux filesystem
root@OpenWrt:~# lsblk
NAME         MAJ:MIN RM   SIZE RO TYPE MOUNTPOINT
mmcblk0      179:0    0 115.2G  0 disk 
├─mmcblk0p1  179:1    0    17K  0 part 
├─mmcblk0p2  179:2    0   512K  0 part 
├─mmcblk0p3  179:3    0     2M  0 part 
├─mmcblk0p4  179:4    0     2M  0 part 
├─mmcblk0p5  179:5    0    16M  0 part 
├─mmcblk0p6  179:6    0    50M  0 part 
├─mmcblk0p7  179:7    0    16M  0 part 
├─mmcblk0p8  259:0    0    50M  0 part /rom
├─mmcblk0p9  259:1    0    50M  0 part /overlay
├─mmcblk0p10 259:2    0  65.5M  0 part /log
├─mmcblk0p11 259:3    0     1G  0 part /opt
├─mmcblk0p12 259:4    0     1G  0 part [SWAP]
└─mmcblk0p13 259:5    0 112.5G  0 part /mnt/mmcblk0p13
mmcblk0boot0 179:8    0     4M  1 disk 
mmcblk0boot1 179:16   0     4M  1 disk 
```

- ### 1.备份原厂分区
只需要备份到mmcblk0p12即可，最后一个mmcblk0p13 storage分区太大不备份了。  
因为plugin、swap分区都有1G，比较大，所以备份到/mnt/mmcblk0p13中，然后使用WinScp登录再下载下来。  
WinScp软件登录路由，协议SCP，IP 192.168.68.1，端口22。  
WinScp下载大文件提示主机超过15秒无通信，需要点击高级，高级站点设置-连接 去掉勾选“优化连接缓冲大小”，再点击登录。  

提示：bl2在/dev/mmcblk0boot0，uboot在fip分区，对应/dev/mmcblk0p4。  
unpartitioned.bin是全0的空白文件，是为了后面可以使用备份的分区按顺序直接合并得到一个eMMC img镜像。  
除更换eMMC，这个img基本用不到，不过还是全部分区备份为好。  
注意：放在一起的命令可以全部复制粘贴、一次执行，下同，不再赘述。  

直接复制下面全部命令，粘贴执行即可，等待执行完成：  
```
dd if=/dev/mmcblk0boot0 of=/mnt/mmcblk0p13/mmcblk0boot0_bl2.bin
dd if=/dev/mmcblk0p1 of=/mnt/mmcblk0p13/mmcblk0p1_PMBR.bin
dd if=/dev/mmcblk0 bs=512 skip=34 count=8158 of=/mnt/mmcblk0p13/mmcblk0p1_unpartitioned.bin
dd if=/dev/mmcblk0p2 of=/mnt/mmcblk0p13/mmcblk0p2_u-boot-env.bin
dd if=/dev/mmcblk0p3 of=/mnt/mmcblk0p13/mmcblk0p3_factory.bin
dd if=/dev/mmcblk0p4 of=/mnt/mmcblk0p13/mmcblk0p4_fip.bin
dd if=/dev/mmcblk0p5 of=/mnt/mmcblk0p13/mmcblk0p5_kernel.bin
dd if=/dev/mmcblk0p6 of=/mnt/mmcblk0p13/mmcblk0p6_rootfs.bin
dd if=/dev/mmcblk0p7 of=/mnt/mmcblk0p13/mmcblk0p7_kernel2.bin
dd if=/dev/mmcblk0p8 of=/mnt/mmcblk0p13/mmcblk0p8_rootfs2.bin
dd if=/dev/mmcblk0p9 of=/mnt/mmcblk0p13/mmcblk0p9_rootfs_data.bin
dd if=/dev/mmcblk0p10 of=/mnt/mmcblk0p13/mmcblk0p10_log.bin
dd if=/dev/mmcblk0p11 of=/mnt/mmcblk0p13/mmcblk0p11_plugin.bin
dd if=/dev/mmcblk0p12 of=/mnt/mmcblk0p13/mmcblk0p12_swap.bin
```
执行完后使用WinSCP之类的软件登录路由器，到/mnt/mmcblk0p13下载下来保存到电脑。  

注：/mnt/mmcblk0p13里的aiecpluginD、jdc_docker文件夹里面是跑分的缓存数据。  
如果不大，也可以备份，刷机后直接恢复到storage分区，这样回原厂跑分直接用这些数据，可以更快恢复跑分。  
太大不建议备份，不要也无所谓，回原厂后重新缓存。  

- ### 2.刷bl2和单分区uboot
百里的bl2和uboot是开启了Secure Boot验证的，需要把bl2和uboot所在fip分区一起替换掉，不能只替换uboot！！！  
因为有些数据洁癖，我直接将编译得到的bl2二进制文件尾部填充0扩大至256KB，fip尾部填充0至2048KB，这样刷文件就可直接覆盖有数据部分，和清空分区再刷是一样，所以文件看着有点大。  
直接使用编译得到的原始文件也没问题，只是文件大小不一，原分区上可能有点多余数据不会被覆盖，这也不影响使用。  

将mt7986_jdcloud_re-cp-03-bl2_mod.bin和mt7986_jdcloud_re-cp-03-fip_mod.bin上传tmp文件夹，SSH输入命令验证md5：  
```
md5sum /tmp/mt7986_jdcloud_re-cp-03*_mod.bin
```
我这个20240302版的bl2、uboot，md5sum输出是这样：  
```
root@OpenWrt:~# md5sum /tmp/mt7986_jdcloud_re-cp-03-*_mod.bin
8e77f5f97e0228f2a916505a67ff447e  /tmp/mt7986_jdcloud_re-cp-03-bl2_mod.bin
62b0749b049b8f4dd97bad23d3f7310d  /tmp/mt7986_jdcloud_re-cp-03-fip_mod.bin
```
核对md5正常后，输入命令刷写bl2和uboot，命令全部复制一起执行：  
```
ash
echo 0 > /sys/block/mmcblk0boot0/force_ro
dd if=/tmp/mt7986_jdcloud_re-cp-03-bl2_mod.bin of=/dev/mmcblk0boot0
echo 1 > /sys/block/mmcblk0boot0/force_ro
dd if=/tmp/mt7986_jdcloud_re-cp-03-fip_mod.bin of=$(blkid -t PARTLABEL=fip -o device)
sync
```
刷写完没有报错，则检查下分区的md5值，和我一样即可，不一样就重新刷，不能重启！！  
```
md5sum /dev/mmcblk0boot0 && md5sum $(blkid -t PARTLABEL=fip -o device)
```
输出结果和我一样即可：  
```
root@OpenWrt:~# md5sum /dev/mmcblk0boot0 && md5sum $(blkid -t PARTLABEL=fip -o device)
22eceeccfc7ed63536920075a324faf5  /dev/mmcblk0boot0
62b0749b049b8f4dd97bad23d3f7310d  /dev/mmcblk0p4
```
到这里bl2和单分区uboot已经刷好了，不要重启，接着刷单分区gpt分区表。  

注：如果是从带有一个config分区的ImmortalWrt单分区分区表刷这个单分区，这里验证fip分区的md5是不一样的。  
因为ImmortalWrt的单分区的把原厂2M的fip扩大到了4M，我这个分区表还是保持fip为2M。  
下面再刷我的这个gpt分区表之后，fip分区会变为2M，mmcblk0p3分区的md5就会和我的一样了。  

- ### 3.刷单分区gpt分区表
天灵和大雕的刷机命令是直接使用偏移量，因为fip分区偏移量不变，所以不用管设备号。  
我下面刷uboot的命令自动找fip分区所在设备号，也不用你管设备号，可以直接用。  
更新uboot建议使用我教程的命令，或者直接进uboot webui里面更新即可。bl2一般不需要再更新了。  

原生OP没有fdisk，刷单分区gpt分区表前，首先安装fdisk以便查看eMMC大小和扇区数。  
将fdisk文件夹里面的libfdisk1和fdisk两个ipk上传tmp文件夹，然后SSH运行下面命令安装：  
```
opkg install -d root /tmp/libfdisk1_2.36.1-2_aarch64_cortex-a53.ipk
opkg install -d root /tmp/fdisk_2.36.1-2_aarch64_cortex-a53.ipk
```
接着输入命令，查看查看eMMC的大小，即Disk /dev/mmcblk0: xxx GiB xxxxxxxxx sectors:  
```
fdisk -l /dev/mmcblk0
```
不同eMMC大小选择对应的分区表，128G的选择128G的分区表、64G的选择64G版的分区表。  
两种版本都做了不同rootfs大小的单分区分区表，保留了原厂的log、plugin、swap分区，方便直接刷回原厂跑分。  
【128G版】  
mt7986_jdcloud_re-cp-03_128G_rootfs166M_gpt.bin  
mt7986_jdcloud_re-cp-03_128G_rootfs512M_gpt.bin  
mt7986_jdcloud_re-cp-03_128G_rootfs1024M_gpt.bin  
mt7986_jdcloud_re-cp-03_128G_rootfs2048M_gpt.bin  

【64G版】  
mt7986_jdcloud_re-cp-03_64G_rootfs166M_gpt.bin  
mt7986_jdcloud_re-cp-03_64G_rootfs512M_gpt.bin  
mt7986_jdcloud_re-cp-03_64G_rootfs1024M_gpt.bin  
mt7986_jdcloud_re-cp-03_64G_rootfs2048M_gpt.bin  

rootfs166M对应rootfs是166M，依次类推，这个rootfs就是固件+overlay的大小，选择自己需要的rootfs大小的分区表即可。  
这个rootfs166M的分区表有点特殊，是没有动后面的分区的，后面可以不用恢复log、plugin、swap分区数据，storage分区也不用格式化，直接刷回原厂就可以跑分。  
其他rootfs大小的分区表都动了后面的分区，如果要回原厂跑分，后面需要恢复log、plugin、swap，且不管回不回原厂跑分，最后一个storage分区要格式化才能用。  

上传你需要rootfs大小的gpt文件到tmp文件夹，先验证md5：  
```
md5sum /tmp/mt7986_jdcloud_re-cp-03*_gpt.bin
```
```
root@OpenWrt:~# md5sum /tmp/mt7986_jdcloud_re-cp-03*_gpt.bin
# 【128G版】
c119bde4206b61a67d4555fbdcf0900e  # mt7986_jdcloud_re-cp-03_128G_rootfs166M_gpt.bin
a64f0714c52c4c8ed70fa75832b7ce9a  # mt7986_jdcloud_re-cp-03_128G_rootfs512M_gpt.bin
c6765b1f68b5e3608481277090704af1  # mt7986_jdcloud_re-cp-03_128G_rootfs1024M_gpt.bin
ed775a33aa58df66108bd044b8f70021  # mt7986_jdcloud_re-cp-03_128G_rootfs2048M_gpt.bin

# 【64G版】
67db5ff29f8d97abcb56e68dc6f3f5e9  # mt7986_jdcloud_re-cp-03_64G_rootfs166M_gpt.bin
987eee4641881d9d533b6df4fe888f7e  # mt7986_jdcloud_re-cp-03_64G_rootfs512M_gpt.bin
4df4a7e719daee7723e56a1f25f9bcbf  # mt7986_jdcloud_re-cp-03_64G_rootfs1024M_gpt.bin
5d7af6c0817d37c3f6747505b0a55197  # mt7986_jdcloud_re-cp-03_64G_rootfs2048M_gpt.bin
```
md5信息可和下方的md5信息对比，没问题即可。  
接着输入命令刷写（注意根据不同分区表自行修改命令中gpt文件名，其他不变，这里以128G版rootfs166M的分区表为例）：  
```
dd if=/tmp/mt7986_jdcloud_re-cp-03_128G_rootfs166M_gpt.bin of=/dev/mmcblk0 bs=512 count=34 && echo -e 'w' | fdisk /dev/mmcblk0
sync
```
##【重要提示】############  
EMMC刷分区表强烈建议使用上面的命令，fdisk会修复分区表错误。后期更换分区表也建议在固件刷，然后查看分区表信息。  
我制作的分区表最大扇区数是固定的，且保留了最后那个最大的分区，不排除厂商后续会更换不同型号EMMC，不同型号可能最大扇区数不一样，刷我做的分区表导致分区表错误。  
测试刷的分区表最大扇区数小于等于EMMC最大扇区数没问题，但是不能大于EMMC的最大扇区。比如128G的EMMC刷64G的分区表可以，刷256G的分区表会出错。  
MT798X EMMC机子的bl2在boot0硬件分区，不受userdata硬件分区的gpt分区表影响，即使gpt坏了也可以启动uboot，所以比较抗揍。  
比如百里测试刷最大扇区数大于EMMC扇区数的分区表也能启动uboot，只是固件启动会报错，可以进uboot重新刷正常的分区表。  
不过高通IPQ60XX EMMC机子SBL是在userdata硬件分区中由gpt分区表划分出来的第一个软件分区，会受到gpt分区表的影响。  
比如京东云AX1800 Pro亚瑟测试直接刷最大扇区数大于EMMC扇区数的分区表会砖，需要USB救砖。  
所以建议dd刷分区表同时用fdisk修复错误，然后使用fdisk -l /dev/mmcblk0命令再查看分区表情况，确认没有红色字的GPT table报错。  
使用上面命令刷写分区表后，正常不会有红色字报错了。

如果只是dd刷分区表不用fdisk保存修复下分区表，查看分区表情况：  
如果出现红字是下面这行，则这个分区表是小于等于EMMC最大扇区数的，可以使用。
```
root@ImmortalWrt:~# fdisk -l /dev/mmcblk0
The backup GPT table is not on the end of the device.
```
如果出现红色字是下面这行，说明这个分区表大于EMMC的最大扇区，不能使用。  
此时不要重启，要使用echo -e 'w' | fdisk /dev/mmcblk0修复下分区表。
```
root@ImmortalWrt:~# fdisk -l /dev/mmcblk0
The primary GPT table is corrupt, but the backup appears OK, so that will be used.
```
##【提示完】############   

按上面刷完然后输入下面命令查看rootfs分区是否变为设置的大小（这里以128G版rootfs 166M的分区表为例）：  
```
fdisk -l /dev/mmcblk0
```
会输出信息如下：  
```
root@OpenWrt:~# fdisk -l /dev/mmcblk0
Disk /dev/mmcblk0: 115.23 GiB, 123731968000 bytes, 241664000 sectors
Units: sectors of 1 * 512 = 512 bytes
Sector size (logical/physical): 512 bytes / 512 bytes
I/O size (minimum/optimal): 512 bytes / 512 bytes
Disklabel type: gpt
Disk identifier: 2BD17853-102B-4500-AA1A-8A21D4D7984D

Device            Start       End   Sectors   Size Type
/dev/mmcblk0p1     8192      9215      1024   512K Linux filesystem # u-boot-env
/dev/mmcblk0p2     9216     13311      4096     2M Linux filesystem # factory
/dev/mmcblk0p3    13312     17407      4096     2M Linux filesystem # fip
/dev/mmcblk0p4    17408     50175     32768    16M Linux filesystem # kernel
/dev/mmcblk0p5    50176    390143    339968   166M Linux filesystem # rootfs <<<<<<<<
/dev/mmcblk0p6   390144    524287    134144  65.5M Linux filesystem # log
/dev/mmcblk0p7   524288   2621439   2097152     1G Linux filesystem # plugin
/dev/mmcblk0p8  2621440   4718591   2097152     1G Linux filesystem # swap
/dev/mmcblk0p9  4718592 240615424 235896833 112.5G Linux filesystem # storage
```
检查没有问题，可以断电，按reset上电进uboot刷固件了。  

- ### 4.uboot刷固件
我改的这个uboot不支持DHCP，电脑需要设置ip 192.168.1.2/24，连接网线到路由器lan口，路由上电按reset，等待灯变为蓝色，说明uboot webui已启动，可以松开按钮，浏览器打开192.168.1.1，上传固件刷写成功后绿灯会亮3秒，然后重启。注意：其他大佬的uboot可能指示灯不一样。  
我改的这个uboot是2023.12.15编译的 U-Boot 2022.07-rc3 (Mar 02 2024 - 12:07:50 +0800)  
进入uboot webui页面后，最下方会显示这个编译日期，可以作为判断是否刷的是我改的uboot的标识。  
uboot不仅可以刷固件，还可以更新bl2、uboot和gpt，打开相应网页即可，非不要不需要更新：  
http://192.168.1.1/bl2.html  
http://192.168.1.1/uboot.html  
http://192.168.1.1/gpt.html  

注意，因为上面刷分区表时已经使用fdisk保存了备份分区表同时也会修改头部的主分区表，所以头部主分区表的md5sum会改变，不用管。  
不建议用diskman磁盘管理修改分区，可能会导致系统不能启动。建议用fdisk、cfdisk之类的进行修改分区。  
如果不慎修改后系统不能启动，可以进入uboot，输入 http://192.168.1.1/gpt.html 重新刷正常的gpt分区表即可。  

因为166M分区表没有改动最后一个那个最大的storage分区，所以后面也不用重新格式化它。  
其他大小的分区表则需要在刷好第三方OP系统后，格式化下最后一个storage分区。  
如果不是原厂分区表刷这个单分区gpt，storage分区也需要重新格式化下。  
```
mkfs.ext4 $(blkid -t PARTLABEL=storage -o device)
```
需要把storage分区挂载给docker，则在系统->挂载点菜单，添加挂载点，UUID选择mmcblk0p9，输入自定义挂载位置/opt，回车，然后保存，再在外层点保存并应用，最后重启系统即可。  
打开系统->挂载点，查看交换分区，如果是自动挂载的固件，可以看到/dev/mmcblk0p8挂载为swap的分区，可以取消勾选，然后保存并应用，因为固件一般已经使用zram了。  
如果sawp和zram都用，首页概览交换分区那里显示的是1.5G，取消swap的挂载则显示0.5G。  
最后检查系统->挂载点菜单，已挂载的文件系统中，是否有/dev/loop0设备挂载为/overlay，如果没有重新在备份与升级菜单升级下固件，直至有。  

- ### 5.刷回原厂方法
因为官方原厂固件是双分区固件，兼容单分区，所以现在直接刷回原厂就可以用，但是要跑分需要恢复跑分的分区。  
刷回原厂想要刷第三方OP则直接uboot刷即可，不需要其他操作了，可以自由切换。  

下载仓库中的京东云百里AX6000官方固件JDC04-4.2.0.r4080.7z，解压出官方固件bin备用。  
刷了非rootfs166M分区表，需要先恢复log、plugin、swap分区。  
当然如果刷了rootfs166M分区表，刷回原厂超过2小时跑分服务一直提示在修复，可以尝试重新恢复log、plugin、swap分区。  
注意：log分区变为了mmcblk0p6，plugin变为mmcblk0p7，swap变为了mmcblk0p8，storage分区变为了mmcblk0p9。  
去系统->挂载点菜单，拉到下方的挂载点，挂载/dev/mmcblk0p9到/mnt/mmcblk0p9，记得勾选启用并保存应用。  

WinSCP之类软件上传备份好的mmcblk0p10_log.bin、mmcblk0p11_plugin.bin和mmcblk0p12_swap.bin到/mnt/mmcblk0p9，使用下面命令刷回：  
```
dd if=/mnt/mmcblk0p9/mmcblk0p10_log.bin of=$(blkid -t PARTLABEL=log -o device)
dd if=/mnt/mmcblk0p9/mmcblk0p11_plugin.bin of=$(blkid -t PARTLABEL=plugin -o device)
dd if=/mnt/mmcblk0p9/mmcblk0p12_swap.bin of=$(blkid -t PARTLABEL=swap -o device)
sync
```
恢复后可以删除上传的文件，当然swap分区按理说可以运行命令新建，不过我还是用备份直接恢复分区：  
```
mkswap $(blkid -t PARTLABEL=swap -o device)
swapon $(blkid -t PARTLABEL=swap -o device)
```

恢复完分区后，web不保留配置升级或直接uboot刷回官方固件，系统启动后打开无线宝app，存储设置内置存储为本地网盘，然后直接恢复出厂，启动后再进入app设置内置存储为智能加速服务。  
恢复智能跑分服务后可能无线宝app中的服务状态一直在自动修复，灯是蓝色的不能马上变绿灯，需要等待，我试的情况是有可能需要1-2个小时才恢复绿灯。  
如果刷回原厂超过2小时跑分服务一直在修复，可以尝试重新刷log、plugin、swap分区。  
再重试设置内置存储为本地网盘，然后直接恢复出厂，启动后再设置内置存储为智能加速服务。  
如何恢复分区回原厂快速开始跑分，我没有摸索出规律，所以得大家自己多尝试。  

- ### 6.MT798X路由器TTL串口救砖
路由器断电，使用USB转TTL（建议使用3.3V电平的）连接路由器TTL接口，在设备管理器查看对应的COM口。  
这个COM口不能有其他程序占用。  
打开串口TTL救砖文件夹，直接运行“jdcloud_re-cp-03串口TTL救砖命令.bat”。  
然后输入端口号回车，看到握手信息后路由器上电等待上传并启动uboot，具体看下面的过程。  
如果比特率报错，则尝试运行“jdcloud_re-cp-03串口TTL救砖命令_低比特率.bat”。  

当然也可以在当前目录运行CMD，然后手动修改下面命令COM口号为实际的COM口号，接着运行命令：
```
.\mtk_uartboot.exe -s COM3 -p .\mt7986\mt7986-ddr4-bl2.bin -a -f mt7986_jdcloud_re-cp-03-fip.bin --brom-load-baudrate 921600 --bl2-load-baudrate 1500000
```
如果上面命令不行报错，尝试使用降低比特率：
```
.\mtk_uartboot.exe -s COM3 -p .\mt7986\mt7986-ddr4-bl2.bin -a -f mt7986_jdcloud_re-cp-03-fip.bin --brom-load-baudrate 115200 --bl2-load-baudrate 115200
```
下面说下大致过程，运行命令后会出现等待握手信息：
```
mtk_uartboot - 0.1.1
Using serial port: COM3
Handshake...
```
然后路由器上电开机，握手成功CMD会输出sending payload信息开始发送bl2：
```
hw code: 0x7986
hw sub code: 0x8a00
hw ver: 0xca01
sw ver: 0x1
Baud rate set to 115200
sending payload to 0x201000...
```
发送完成加载bl2会输出信息同时开始发送fip：
```
Checksum: 0x3c82
Setting baudrate back to 115200
Jumping to 0x201000 in aarch64...
Waiting for BL2. Message below:
==================================
NOTICE:  BL2: v2.10.0   (release):v2.4-rc0-5845-gbacca82a8-dirty
NOTICE:  BL2: Built : 20:30:05, Feb  2 2024
NOTICE:  WDT: Cold boot
NOTICE:  WDT: disabled
NOTICE:  CPU: MT7986 (2000MHz)
NOTICE:  EMI: Using DDR4 settings
NOTICE:  EMI: Detected DRAM size: 1024MB
NOTICE:  EMI: complex R/W mem test passed
NOTICE:  Starting UART download handshake ...
==================================
BL2 UART DL version: 0x10
Baudrate set to: 115200
```
此时开始在上传fip，600KB的fip使用1500000比特率只需要几秒钟，低比特率则大概45秒。  
此时如果需要进入uboot webui可以直接按住reset按键不放，等待uboot指示灯闪烁并进入uboot。  
如果没有按reset会直接启动固件，进入固件再恢复刷砖的分区也行。  

fip加载完后输出：
```
FIP sent.
==================================
NOTICE:  Received FIP 0x90b59 @ 0x40400000 ...
==================================
```
此时程序已经执行完，已经加载uboot，如果没有按reset会直接启动固件，按reset就进入uboot webui恢复刷砖的文件。
